   Compiling proc-macro2 v1.0.106
   Compiling unicode-ident v1.0.24
   Compiling quote v1.0.45
   Compiling cfg-if v1.0.4
   Compiling windows-link v0.2.1
   Compiling once_cell v1.21.4
   Compiling getrandom v0.4.2
   Compiling smallvec v1.15.1
   Compiling version_check v0.9.5
   Compiling serde_core v1.0.229
   Compiling shlex v1.3.0
   Compiling windows-sys v0.61.2
   Compiling memchr v2.8.0
   Compiling find-msvc-tools v0.1.9
   Compiling itoa v1.0.18
   Compiling log v0.4.29
   Compiling bytes v1.11.1
   Compiling pin-project-lite v0.2.17
   Compiling serde v1.0.229
   Compiling parking_lot_core v0.9.12
   Compiling autocfg v1.5.1
   Compiling libm v0.2.16
   Compiling jobserver v0.1.35
   Compiling scopeguard v1.2.0
   Compiling anyhow v1.0.104
   Compiling lock_api v0.4.14
   Compiling cc v1.2.58
   Compiling num-traits v0.2.19
   Compiling futures-core v0.3.32
   Compiling parking_lot v0.12.5
   Compiling tracing-core v0.1.36
   Compiling stable_deref_trait v1.2.1
   Compiling equivalent v1.0.2
   Compiling zmij v1.0.23
   Compiling fs_extra v1.3.0
   Compiling syn v2.0.117
   Compiling syn v3.0.3
   Compiling dunce v1.0.5
   Compiling serde_json v1.0.151
   Compiling http v1.4.0
   Compiling cmake v0.1.58
   Compiling either v1.15.0
   Compiling simd-adler32 v0.3.9
   Compiling bitflags v2.11.0
   Compiling crc32fast v1.5.0
   Compiling itertools v0.14.0
   Compiling aws-lc-sys v0.43.0
   Compiling generic-array v0.14.7
   Compiling arrayvec v0.7.8
   Compiling adler2 v2.0.1
   Compiling percent-encoding v2.3.2
   Compiling slab v0.4.12
   Compiling aws-lc-rs v1.17.3
   Compiling miniz_oxide v0.8.9
   Compiling http-body v1.0.1
   Compiling hashbrown v0.16.1
   Compiling litemap v0.8.1
   Compiling typenum v1.20.1
   Compiling zlib-rs v0.6.7
   Compiling writeable v0.6.2
   Compiling zeroize v1.8.2
   Compiling num-integer v0.1.47
   Compiling serde_derive v1.0.229
   Compiling bytemuck_derive v1.12.0
   Compiling indexmap v2.13.0
   Compiling icu_normalizer_data v2.1.1
   Compiling synstructure v0.13.2
   Compiling regex-syntax v0.8.10
   Compiling heck v0.5.0
   Compiling tower-service v0.3.3
   Compiling futures-sink v0.3.32
   Compiling futures-task v0.3.32
   Compiling httparse v1.10.1
   Compiling bytemuck v1.25.1
   Compiling icu_properties_data v2.1.2
   Compiling futures-util v0.3.32
   Compiling flate2 v1.1.9
   Compiling rustls-pki-types v1.14.0
   Compiling font-types v0.12.3
   Compiling aho-corasick v1.1.4
   Compiling slotmap v1.1.1
   Compiling try-lock v0.2.5
   Compiling untrusted v0.9.0
   Compiling zerocopy v0.8.48
   Compiling zerofrom-derive v0.1.6
   Compiling yoke-derive v0.8.1
   Compiling tokio-macros v2.7.1
   Compiling tracing-attributes v0.1.31
   Compiling mio v1.2.0
   Compiling socket2 v0.6.3
   Compiling zerovec-derive v0.11.2
   Compiling displaydoc v0.2.5
   Compiling prost-derive v0.13.5
   Compiling zerofrom v0.1.6
   Compiling tokio v1.53.1
   Compiling yoke v0.8.1
   Compiling tracing v0.1.44
   Compiling zerotrie v0.2.3
   Compiling atomic-waker v1.1.2
   Compiling fnv v1.0.7
   Compiling getrandom v0.3.4
   Compiling libc v0.2.189
   Compiling zerovec v0.11.5
   Compiling float-cmp v0.9.0
   Compiling rustls v0.23.37
   Compiling prettyplease v0.2.37
   Compiling strict-num v0.1.1
   Compiling regex-automata v0.4.18
   Compiling prost v0.13.5
   Compiling tinystr v0.8.2
   Compiling potential_utf v0.1.4
   Compiling want v0.3.1
   Compiling icu_locale_core v2.1.1
   Compiling icu_collections v2.1.1
   Compiling read-fonts v0.41.0
   Compiling block-buffer v0.10.4
   Compiling crypto-common v0.1.7
   Compiling num-bigint v0.4.8
   Compiling icu_provider v2.1.1
   Compiling polycool v0.4.0
   Compiling fdeflate v0.3.7
   Compiling futures-channel v0.3.32
   Compiling sync_wrapper v1.0.2
   Compiling ahash v0.8.12
   Compiling windows-strings v0.5.1
   Compiling windows-result v0.4.1
   Compiling tinyvec_macros v0.1.1
   Compiling arrayref v0.3.9
   Compiling pin-utils v0.1.0
   Compiling tower-layer v0.3.3
   Compiling httpdate v1.0.3
   Compiling tokio-util v0.7.18
   Compiling thiserror v1.0.69
   Compiling foldhash v0.2.0
   Compiling fastrand v2.5.0
   Compiling fixedbitset v0.5.7
   Compiling ref-cast v1.0.27
   Compiling allocator-api2 v0.2.21
   Compiling option-ext v0.2.0
   Compiling subtle v2.6.1
   Compiling dirs-sys v0.5.0
   Compiling h2 v0.4.13
   Compiling petgraph v0.7.1
   Compiling tempfile v3.27.0
   Compiling hashbrown v0.17.1
   Compiling tiny-skia-path v0.12.0
   Compiling tinyvec v1.12.0
   Compiling windows-registry v0.6.1
   Compiling num-rational v0.4.2
   Compiling regex v1.12.3
   Compiling png v0.18.1
   Compiling icu_normalizer v2.1.1
   Compiling icu_properties v2.1.2
   Compiling kurbo v0.13.1
   Compiling digest v0.10.7
   Compiling prost-types v0.13.5
   Compiling thiserror-impl v1.0.69
   Compiling num-iter v0.1.46
   Compiling ref-cast-impl v1.0.27
   Compiling form_urlencoded v1.2.2
   Compiling num-complex v0.4.6
   Compiling hyper v1.8.1
   Compiling nng-sys v1.4.0-rc.0
   Compiling base64 v0.23.1
   Compiling cpufeatures v0.2.17
   Compiling ipnet v2.12.0
   Compiling memmap2 v0.9.11
   Compiling vcpkg v0.2.15
   Compiling pkg-config v0.3.32
   Compiling base64 v0.22.1
   Compiling multimap v0.10.1
   Compiling thiserror v2.0.19
   Compiling zune-core v0.5.3
   Compiling byteorder-lite v0.1.0
   Compiling siphasher v1.0.3
   Compiling svgtypes v0.16.1
   Compiling zune-jpeg v0.5.15
   Compiling prost-build v0.13.5
   Compiling libsqlite3-sys v0.38.2
   Compiling hyper-util v0.1.20
   Compiling fontdb v0.24.0
   Compiling sha2 v0.10.9
   Compiling num v0.4.3
   Compiling skrifa v0.44.0
   Compiling harfrust v0.12.0
   Compiling idna_adapter v1.2.1
   Compiling dirs v7.0.0
   Compiling tower v0.5.3
   Compiling uuid v1.26.1
   Compiling fs4 v1.1.0
   Compiling thiserror-impl v2.0.19
   Compiling http-body-util v0.1.3
   Compiling nom v8.0.0
   Compiling roxmltree v0.21.1
   Compiling simplecss v0.2.2
   Compiling pxfm v0.1.30
   Compiling utf8_iter v1.0.4
   Compiling unicode-general-category v1.1.0
   Compiling quick-error v2.0.1
   Compiling mime v0.3.17
   Compiling xmlwriter v0.1.0
   Compiling color_quant v1.1.0
   Compiling imagesize v0.15.0
   Compiling pico-args v0.5.0
   Compiling weezl v0.1.12
   Compiling bit-vec v0.8.0
   Compiling unicode-vo v0.1.0
   Compiling unicode-bidi v0.3.18
   Compiling ryu v1.0.23
   Compiling borrow-or-share v0.2.4
   Compiling unicode-script v0.5.8
   Compiling data-url v0.3.2
   Compiling fluent-uri v0.4.1
   Compiling usvg v0.48.1
   Compiling moxcms v0.8.1
   Compiling konnect-sexp v0.12.0 (C:\Users\felip\.orc\worktrees\konnect-3b7e2022\board-dossier-reconstruction\crates\konnect-sexp)
   Compiling bit-set v0.8.0
   Compiling gif v0.14.2
   Compiling image-webp v0.2.4
   Compiling idna v1.1.0
   Compiling fraction v0.17.0
   Compiling konnect-ipc v0.12.0 (C:\Users\felip\.orc\worktrees\konnect-3b7e2022\board-dossier-reconstruction\crates\konnect-ipc)
   Compiling tiny-skia v0.12.0
   Compiling strum_macros v0.28.0
   Compiling rgb v0.8.53
   Compiling iri-string v0.7.12
   Compiling vsimd v0.8.0
   Compiling num-cmp v0.1.0
   Compiling bytecount v0.6.9
   Compiling micromap v0.3.0
   Compiling outref v0.5.2
   Compiling uuid-simd v0.8.0
   Compiling referencing v0.56.0
   Compiling tower-http v0.6.8
   Compiling jsonschema-value v0.56.0
   Compiling resvg v0.48.1
   Compiling strum v0.28.0
   Compiling url v2.5.8
   Compiling image v0.25.10
   Compiling geo-types v0.7.20
   Compiling fancy-regex v0.19.2
   Compiling serde_urlencoded v0.7.1
   Compiling axum-core v0.5.6
   Compiling hashlink v0.12.1
   Compiling email_address v0.2.9
   Compiling axum-macros v0.5.1
   Compiling topola_specctra_derive v0.1.0
   Compiling jsonschema-regex v0.56.0
   Compiling utf8-chars v3.0.7
   Compiling serde_path_to_error v0.1.20
   Compiling csv-core v0.1.13
   Compiling encoding_rs v0.8.35
   Compiling data-encoding v2.11.1
   Compiling winnow v1.0.4
   Compiling lazy_static v1.5.0
   Compiling konnect-core v0.12.0 (C:\Users\felip\.orc\worktrees\konnect-3b7e2022\board-dossier-reconstruction\crates\konnect-core)
   Compiling fallible-streaming-iterator v0.1.9
   Compiling typed-path v0.12.3
   Compiling fallible-iterator v0.3.0
   Compiling bimap v0.6.3
   Compiling nng v1.0.1
   Compiling matchit v0.8.4
   Compiling rusqlite v0.40.2
   Compiling topola_specctra v0.1.0
   Compiling zip v8.6.0
   Compiling axum v0.8.9
   Compiling sharded-slab v0.1.7
   Compiling toml_parser v1.1.3+spec-1.1.0
   Compiling jsonschema v0.56.0
   Compiling csv v1.4.0
   Compiling konnect-render v0.12.0 (C:\Users\felip\.orc\worktrees\konnect-3b7e2022\board-dossier-reconstruction\crates\konnect-render)
   Compiling konnect-schematic-editor v0.12.0 (C:\Users\felip\.orc\worktrees\konnect-3b7e2022\board-dossier-reconstruction\crates\konnect-schematic-editor)
   Compiling matchers v0.2.0
   Compiling tracing-serde v0.2.0
   Compiling nu-ansi-term v0.50.3
   Compiling winreg v0.56.0
   Compiling toml_datetime v1.1.1+spec-1.1.0
   Compiling serde_spanned v1.1.1
   Compiling tracing-log v0.2.0
   Compiling thread_local v1.1.9
   Compiling toml_writer v1.1.2+spec-1.1.0
   Compiling tracing-subscriber v0.3.23
   Compiling tokio-stream v0.1.19
   Compiling toml v1.1.6+spec-1.1.0
   Compiling rustls-webpki v0.103.10
   Compiling tokio-rustls v0.26.4
   Compiling rustls-platform-verifier v0.7.0
   Compiling hyper-rustls v0.27.7
   Compiling reqwest v0.13.5
   Compiling konnect v0.12.0 (C:\Users\felip\.orc\worktrees\konnect-3b7e2022\board-dossier-reconstruction\crates\konnect)
    Finished `release` profile [optimized] target(s) in 4m 31s
