   Compiling proc-macro2 v1.0.106
   Compiling quote v1.0.45
   Compiling unicode-ident v1.0.24
   Compiling cfg-if v1.0.4
   Compiling windows-link v0.2.1
   Compiling once_cell v1.21.4
   Compiling getrandom v0.4.2
   Compiling smallvec v1.15.1
   Compiling version_check v0.9.5
   Compiling serde_core v1.0.229
   Compiling memchr v2.8.0
   Compiling itoa v1.0.18
   Compiling windows-sys v0.61.2
   Compiling find-msvc-tools v0.1.9
   Compiling shlex v1.3.0
   Compiling log v0.4.29
   Compiling equivalent v1.0.2
   Compiling bytes v1.11.1
   Compiling serde v1.0.229
   Compiling pin-project-lite v0.2.17
   Compiling parking_lot_core v0.9.12
   Compiling libm v0.2.16
   Compiling autocfg v1.5.1
   Compiling scopeguard v1.2.0
   Compiling jobserver v0.1.35
   Compiling lock_api v0.4.14
   Compiling futures-core v0.3.32
   Compiling num-traits v0.2.19
   Compiling tracing-core v0.1.36
   Compiling anyhow v1.0.104
   Compiling cc v1.2.58
   Compiling parking_lot v0.12.5
   Compiling hashbrown v0.16.1
   Compiling stable_deref_trait v1.2.1
   Compiling dunce v1.0.5
   Compiling zmij v1.0.23
   Compiling fs_extra v1.3.0
   Compiling syn v2.0.117
   Compiling syn v3.0.3
   Compiling indexmap v2.13.0
   Compiling serde_json v1.0.151
   Compiling http v1.4.0
   Compiling either v1.15.0
   Compiling cmake v0.1.58
   Compiling crc32fast v1.5.0
   Compiling bitflags v2.11.0
   Compiling simd-adler32 v0.3.9
   Compiling itertools v0.14.0
   Compiling generic-array v0.14.7
   Compiling percent-encoding v2.3.2
   Compiling arrayvec v0.7.8
   Compiling slab v0.4.12
   Compiling aws-lc-sys v0.43.0
   Compiling adler2 v2.0.1
   Compiling aws-lc-rs v1.17.3
   Compiling miniz_oxide v0.8.9
   Compiling http-body v1.0.1
   Compiling writeable v0.6.2
   Compiling zeroize v1.8.2
   Compiling typenum v1.20.1
   Compiling litemap v0.8.1
   Compiling zlib-rs v0.6.7
   Compiling fastrand v2.5.0
   Compiling num-integer v0.1.47
   Compiling heck v0.5.0
   Compiling futures-task v0.3.32
   Compiling futures-sink v0.3.32
   Compiling icu_normalizer_data v2.1.1
   Compiling tower-service v0.3.3
   Compiling httparse v1.10.1
   Compiling icu_properties_data v2.1.2
   Compiling regex-syntax v0.8.10
   Compiling futures-util v0.3.32
   Compiling rustls-pki-types v1.14.0
   Compiling aho-corasick v1.1.4
   Compiling serde_derive v1.0.229
   Compiling bytemuck_derive v1.12.0
   Compiling slotmap v1.1.1
   Compiling untrusted v0.9.0
   Compiling zerocopy v0.8.48
   Compiling synstructure v0.13.2
   Compiling fnv v1.0.7
   Compiling rustls v0.23.37
   Compiling flate2 v1.1.9
   Compiling bytemuck v1.25.1
   Compiling font-types v0.12.3
   Compiling libc v0.2.189
   Compiling atomic-waker v1.1.2
   Compiling getrandom v0.3.4
   Compiling float-cmp v0.9.0
   Compiling try-lock v0.2.5
   Compiling prettyplease v0.2.37
   Compiling want v0.3.1
   Compiling read-fonts v0.41.0
   Compiling strict-num v0.1.1
   Compiling regex-automata v0.4.18
   Compiling crypto-common v0.1.7
   Compiling zerofrom-derive v0.1.6
   Compiling yoke-derive v0.8.1
   Compiling tokio-macros v2.7.1
   Compiling mio v1.2.0
   Compiling socket2 v0.6.3
   Compiling zerovec-derive v0.11.2
   Compiling tokio v1.53.1
   Compiling tracing-attributes v0.1.31
   Compiling displaydoc v0.2.5
   Compiling prost-derive v0.13.5
   Compiling block-buffer v0.10.4
   Compiling zerofrom v0.1.6
   Compiling yoke v0.8.1
   Compiling zerovec v0.11.5
   Compiling zerotrie v0.2.3
   Compiling num-bigint v0.4.8
   Compiling polycool v0.4.0
   Compiling fdeflate v0.3.7
   Compiling sync_wrapper v1.0.2
   Compiling futures-channel v0.3.32
   Compiling tracing v0.1.44
   Compiling tinystr v0.8.2
   Compiling potential_utf v0.1.4
   Compiling icu_locale_core v2.1.1
   Compiling icu_collections v2.1.1
   Compiling ahash v0.8.12
   Compiling windows-strings v0.5.1
   Compiling windows-result v0.4.1
   Compiling prost v0.13.5
   Compiling foldhash v0.2.0
   Compiling fixedbitset v0.5.7
   Compiling option-ext v0.2.0
   Compiling ref-cast v1.0.27
   Compiling arrayref v0.3.9
   Compiling tower-layer v0.3.3
   Compiling thiserror v1.0.69
   Compiling httpdate v1.0.3
   Compiling icu_provider v2.1.1
   Compiling pin-utils v0.1.0
   Compiling tinyvec_macros v0.1.1
   Compiling allocator-api2 v0.2.21
   Compiling subtle v2.6.1
   Compiling tinyvec v1.12.0
   Compiling tempfile v3.27.0
   Compiling petgraph v0.7.1
   Compiling tiny-skia-path v0.12.0
   Compiling icu_normalizer v2.1.1
   Compiling hashbrown v0.17.1
   Compiling icu_properties v2.1.2
   Compiling num-rational v0.4.2
   Compiling dirs-sys v0.5.0
   Compiling prost-types v0.13.5
   Compiling windows-registry v0.6.1
   Compiling png v0.18.1
   Compiling kurbo v0.13.1
   Compiling digest v0.10.7
   Compiling regex v1.12.3
   Compiling thiserror-impl v1.0.69
   Compiling tokio-util v0.7.18
   Compiling ref-cast-impl v1.0.27
   Compiling num-iter v0.1.46
   Compiling nng-sys v1.4.0-rc.0
   Compiling num-complex v0.4.6
   Compiling h2 v0.4.13
   Compiling form_urlencoded v1.2.2
   Compiling byteorder-lite v0.1.0
   Compiling memmap2 v0.9.11
   Compiling multimap v0.10.1
   Compiling base64 v0.23.1
   Compiling base64 v0.22.1
   Compiling vcpkg v0.2.15
   Compiling ryu v1.0.23
   Compiling ipnet v2.12.0
   Compiling cpufeatures v0.2.17
   Compiling siphasher v1.0.3
   Compiling thiserror v2.0.19
   Compiling pkg-config v0.3.32
   Compiling prost-build v0.13.5
   Compiling svgtypes v0.16.1
   Compiling sha2 v0.10.9
   Compiling fontdb v0.24.0
   Compiling num v0.4.3
   Compiling harfrust v0.12.0
   Compiling skrifa v0.44.0
   Compiling libsqlite3-sys v0.38.2
   Compiling tower v0.5.3
   Compiling idna_adapter v1.2.1
   Compiling dirs v7.0.0
   Compiling uuid v1.26.1
   Compiling fs4 v1.1.0
   Compiling thiserror-impl v2.0.19
   Compiling http-body-util v0.1.3
   Compiling roxmltree v0.21.1
   Compiling nom v8.0.0
   Compiling simplecss v0.2.2
   Compiling xmlwriter v0.1.0
   Compiling utf8_iter v1.0.4
   Compiling pxfm v0.1.30
   Compiling unicode-bidi v0.3.18
   Compiling borrow-or-share v0.2.4
   Compiling data-url v0.3.2
   Compiling mime v0.3.17
   Compiling hyper v1.8.1
   Compiling unicode-general-category v1.1.0
   Compiling weezl v0.1.12
   Compiling quick-error v2.0.1
   Compiling unicode-vo v0.1.0
   Compiling imagesize v0.15.0
   Compiling unicode-script v0.5.8
   Compiling color_quant v1.1.0
   Compiling pico-args v0.5.0
   Compiling bit-vec v0.8.0
   Compiling zune-core v0.5.3
   Compiling usvg v0.48.1
   Compiling hyper-util v0.1.20
   Compiling zune-jpeg v0.5.15
   Compiling konnect-sexp v0.12.0 (C:\Users\felip\.orc\worktrees\konnect-3b7e2022\photo-to-kicad-reverse\crates\konnect-sexp)
   Compiling moxcms v0.8.1
   Compiling bit-set v0.8.0
   Compiling gif v0.14.2
   Compiling image-webp v0.2.4
   Compiling fluent-uri v0.4.1
   Compiling idna v1.1.0
   Compiling konnect-ipc v0.12.0 (C:\Users\felip\.orc\worktrees\konnect-3b7e2022\photo-to-kicad-reverse\crates\konnect-ipc)
   Compiling fraction v0.17.0
   Compiling tiny-skia v0.12.0
   Compiling strum_macros v0.28.0
   Compiling rgb v0.8.53
   Compiling bytecount v0.6.9
   Compiling outref v0.5.2
   Compiling iri-string v0.7.12
   Compiling vsimd v0.8.0
   Compiling micromap v0.3.0
   Compiling num-cmp v0.1.0
   Compiling resvg v0.48.1
   Compiling jsonschema-value v0.56.0
   Compiling uuid-simd v0.8.0
   Compiling image v0.25.10
   Compiling referencing v0.56.0
   Compiling strum v0.28.0
   Compiling tower-http v0.6.8
   Compiling geo-types v0.7.20
   Compiling url v2.5.8
   Compiling fancy-regex v0.19.2
   Compiling axum-core v0.5.6
   Compiling serde_urlencoded v0.7.1
   Compiling hashlink v0.12.1
   Compiling email_address v0.2.9
   Compiling topola_specctra_derive v0.1.0
   Compiling axum-macros v0.5.1
   Compiling jsonschema-regex v0.56.0
   Compiling utf8-chars v3.0.7
   Compiling serde_path_to_error v0.1.20
   Compiling csv-core v0.1.13
   Compiling encoding_rs v0.8.35
   Compiling fallible-streaming-iterator v0.1.9
   Compiling data-encoding v2.11.1
   Compiling typed-path v0.12.3
   Compiling konnect-core v0.12.0 (C:\Users\felip\.orc\worktrees\konnect-3b7e2022\photo-to-kicad-reverse\crates\konnect-core)
   Compiling fallible-iterator v0.3.0
   Compiling bimap v0.6.3
   Compiling matchit v0.8.4
   Compiling topola_specctra v0.1.0
   Compiling rusqlite v0.40.2
   Compiling jsonschema v0.56.0
   Compiling zip v8.6.0
   Compiling axum v0.8.9
   Compiling csv v1.4.0
   Compiling konnect-render v0.12.0 (C:\Users\felip\.orc\worktrees\konnect-3b7e2022\photo-to-kicad-reverse\crates\konnect-render)
   Compiling konnect-schematic-editor v0.12.0 (C:\Users\felip\.orc\worktrees\konnect-3b7e2022\photo-to-kicad-reverse\crates\konnect-schematic-editor)
   Compiling winreg v0.56.0
   Compiling winnow v1.0.4
   Compiling lazy_static v1.5.0
   Compiling sharded-slab v0.1.7
   Compiling matchers v0.2.0
   Compiling tracing-serde v0.2.0
   Compiling nu-ansi-term v0.50.3
   Compiling toml_parser v1.1.3+spec-1.1.0
   Compiling serde_spanned v1.1.1
   Compiling toml_datetime v1.1.1+spec-1.1.0
   Compiling tracing-log v0.2.0
   Compiling thread_local v1.1.9
   Compiling toml_writer v1.1.2+spec-1.1.0
   Compiling tracing-subscriber v0.3.23
   Compiling tokio-stream v0.1.19
   Compiling toml v1.1.6+spec-1.1.0
   Compiling unsafe-libyaml v0.2.11
   Compiling serde_yaml_ng v0.10.0
   Compiling nng v1.0.1
   Compiling rustls-webpki v0.103.10
   Compiling tokio-rustls v0.26.4
   Compiling rustls-platform-verifier v0.7.0
   Compiling hyper-rustls v0.27.7
   Compiling reqwest v0.13.5
   Compiling konnect v0.12.0 (C:\Users\felip\.orc\worktrees\konnect-3b7e2022\photo-to-kicad-reverse\crates\konnect)
    Finished `test` profile [unoptimized + debuginfo] target(s) in 3m 20s
  Executable unittests src\lib.rs (target\debug\deps\konnect_plugin-189b381267716635.exe)
  Executable unittests src\main.rs (target\debug\deps\konnect-898a1288b387539e.exe)
  Executable tests\asset_references.rs (target\debug\deps\asset_references-5217d63bfb57e72e.exe)
  Executable tests\doc_tool_counts.rs (target\debug\deps\doc_tool_counts-a8cf849e95f2a4e4.exe)
  Executable tests\e2e_kicad.rs (target\debug\deps\e2e_kicad-aa1837665e11ffce.exe)
  Executable tests\live_kicad_tools.rs (target\debug\deps\live_kicad_tools-86a972f4acb676cf.exe)
  Executable tests\protocol_http.rs (target\debug\deps\protocol_http-6b5f490abcc35e28.exe)
  Executable tests\protocol_stdio.rs (target\debug\deps\protocol_stdio-e659c83141cd676a.exe)
  Executable tests\release_workflow_contract.rs (target\debug\deps\release_workflow_contract-56719d4a327b86a2.exe)
  Executable tests\schema_migrations.rs (target\debug\deps\schema_migrations-7f8ffbebce3efd71.exe)
  Executable tests\schema_parameter_usage.rs (target\debug\deps\schema_parameter_usage-c8e4c2398f105946.exe)
  Executable tests\startup_cli.rs (target\debug\deps\startup_cli-c3bf86739a8d7ec8.exe)
  Executable tests\transaction_cli.rs (target\debug\deps\transaction_cli-d4c5b50df465a5bf.exe)
  Executable unittests src\lib.rs (target\debug\deps\konnect_core-594cf28ca87cdae0.exe)
  Executable tests\conformance_test.rs (target\debug\deps\conformance_test-3519842d2794f715.exe)
  Executable tests\integration_test.rs (target\debug\deps\integration_test-62e9fb6bc5a86b33.exe)
